pytorch-benchmark-opt-0:107:156 [0] NCCL INFO New proxy send connection 8 from local rank 0, transport 0
pytorch-benchmark-opt-0:107:163 [0] NCCL INFO Connected to proxy localRank 0 -> connection 0x7f8368005300
pytorch-benchmark-opt-0:109:153 [2] NCCL INFO New proxy recv connection 8 from local rank 2, transport 0
pytorch-benchmark-opt-0:109:162 [2] NCCL INFO Connected to proxy localRank 2 -> connection 0x7ff3b4005300
pytorch-benchmark-opt-0:107:163 [0] NCCL INFO Channel 04/0 : 0[0] -> 1[1] via P2P/CUMEM
pytorch-benchmark-opt-0:109:153 [2] NCCL INFO New proxy recv connection 9 from local rank 2, transport 0
pytorch-benchmark-opt-0:107:156 [0] NCCL INFO New proxy send connection 9 from local rank 0, transport 0
pytorch-benchmark-opt-0:109:162 [2] NCCL INFO Connected to proxy localRank 2 -> connection 0x7ff3b4005378
pytorch-benchmark-opt-0:107:163 [0] NCCL INFO Connected to proxy localRank 0 -> connection 0x7f8368005378
pytorch-benchmark-opt-0:107:163 [0] NCCL INFO Channel 08/0 : 0[0] -> 1[1] via P2P/CUMEM
pytorch-benchmark-opt-0:107:156 [0] NCCL INFO New proxy send connection 10 from local rank 0, transport 0
pytorch-benchmark-opt-0:109:153 [2] NCCL INFO New proxy recv connection 10 from local rank 2, transport 0
pytorch-benchmark-opt-0:109:162 [2] NCCL INFO Connected to proxy localRank 2 -> connection 0x7ff3b40053f0
pytorch-benchmark-opt-0:107:163 [0] NCCL INFO Connected to proxy localRank 0 -> connection 0x7f83680053f0
pytorch-benchmark-opt-0:107:163 [0] NCCL INFO Channel 12/0 : 0[0] -> 1[1] via P2P/CUMEM
pytorch-benchmark-opt-0:107:156 [0] NCCL INFO New proxy send connection 11 from local rank 0, transport 0
pytorch-benchmark-opt-0:109:153 [2] NCCL INFO New proxy recv connection 11 from local rank 2, transport 0
pytorch-benchmark-opt-0:107:163 [0] NCCL INFO Connected to proxy localRank 0 -> connection 0x7f8368005468
pytorch-benchmark-opt-0:109:162 [2] NCCL INFO Connected to proxy localRank 2 -> connection 0x7ff3b4005468
pytorch-benchmark-opt-0:108:161 [1] NCCL INFO Channel 01/0 : 1[1] -> 3[3] via P2P/CUMEM
pytorch-benchmark-opt-0:108:152 [1] NCCL INFO New proxy send connection 8 from local rank 1, transport 0
pytorch-benchmark-opt-0:108:161 [1] NCCL INFO Connected to proxy localRank 1 -> connection 0x7fe63c005300
pytorch-benchmark-opt-0:108:161 [1] NCCL INFO Channel 05/0 : 1[1] -> 3[3] via P2P/CUMEM
pytorch-benchmark-opt-0:108:152 [1] NCCL INFO New proxy send connection 9 from local rank 1, transport 0
pytorch-benchmark-opt-0:108:161 [1] NCCL INFO Connected to proxy localRank 1 -> connection 0x7fe63c005378
pytorch-benchmark-opt-0:108:161 [1] NCCL INFO Channel 09/0 : 1[1] -> 3[3] via P2P/CUMEM
pytorch-benchmark-opt-0:108:152 [1] NCCL INFO New proxy send connection 10 from local rank 1, transport 0
pytorch-benchmark-opt-0:108:161 [1] NCCL INFO Connected to proxy localRank 1 -> connection 0x7fe63c0053f0
pytorch-benchmark-opt-0:108:161 [1] NCCL INFO Channel 13/0 : 1[1] -> 3[3] via P2P/CUMEM
pytorch-benchmark-opt-0:108:152 [1] NCCL INFO New proxy send connection 11 from local rank 1, transport 0
pytorch-benchmark-opt-0:108:161 [1] NCCL INFO Connected to proxy localRank 1 -> connection 0x7fe63c005468
pytorch-benchmark-opt-0:107:163 [0] NCCL INFO Channel 03/0 : 0[0] -> 2[2] via P2P/CUMEM
pytorch-benchmark-opt-0:107:156 [0] NCCL INFO New proxy send connection 12 from local rank 0, transport 0
pytorch-benchmark-opt-0:107:163 [0] NCCL INFO Connected to proxy localRank 0 -> connection 0x7f83680054e0
pytorch-benchmark-opt-0:107:163 [0] NCCL INFO Channel 07/0 : 0[0] -> 2[2] via P2P/CUMEM
pytorch-benchmark-opt-0:107:156 [0] NCCL INFO New proxy send connection 13 from local rank 0, transport 0
pytorch-benchmark-opt-0:107:163 [0] NCCL INFO Connected to proxy localRank 0 -> connection 0x7f8368005558
pytorch-benchmark-opt-0:107:163 [0] NCCL INFO Channel 11/0 : 0[0] -> 2[2] via P2P/CUMEM
pytorch-benchmark-opt-0:107:156 [0] NCCL INFO New proxy send connection 14 from local rank 0, transport 0
pytorch-benchmark-opt-0:107:163 [0] NCCL INFO Connected to proxy localRank 0 -> connection 0x7f83680055d0
pytorch-benchmark-opt-0:107:163 [0] NCCL INFO Channel 15/0 : 0[0] -> 2[2] via P2P/CUMEM
pytorch-benchmark-opt-0:107:156 [0] NCCL INFO New proxy send connection 15 from local rank 0, transport 0
pytorch-benchmark-opt-0:107:163 [0] NCCL INFO Connected to proxy localRank 0 -> connection 0x7f8368005648
pytorch-benchmark-opt-0:110:155 [3] NCCL INFO New proxy recv connection 4 from local rank 3, transport 0
pytorch-benchmark-opt-0:110:160 [3] NCCL INFO Connected to proxy localRank 3 -> connection 0x7f240c005120
pytorch-benchmark-opt-0:107:163 [0] NCCL INFO Channel 02/0 : 0[0] -> 3[3] via P2P/CUMEM
pytorch-benchmark-opt-0:109:162 [2] NCCL INFO GPU Direct RDMA Enabled for GPU a6000 / HCA 2 (distance 4 <= 7), read 0
pytorch-benchmark-opt-0:107:156 [0] NCCL INFO New proxy send connection 16 from local rank 0, transport 0
pytorch-benchmark-opt-0:107:163 [0] NCCL INFO Connected to proxy localRank 0 -> connection 0x7f83680056c0
pytorch-benchmark-opt-0:110:155 [3] NCCL INFO New proxy recv connection 5 from local rank 3, transport 0
pytorch-benchmark-opt-0:110:160 [3] NCCL INFO Connected to proxy localRank 3 -> connection 0x7f240c005198
pytorch-benchmark-opt-0:107:163 [0] NCCL INFO Channel 06/0 : 0[0] -> 3[3] via P2P/CUMEM
pytorch-benchmark-opt-0:107:156 [0] NCCL INFO New proxy send connection 17 from local rank 0, transport 0
pytorch-benchmark-opt-0:107:163 [0] NCCL INFO Connected to proxy localRank 0 -> connection 0x7f8368005738
pytorch-benchmark-opt-0:110:155 [3] NCCL INFO New proxy recv connection 6 from local rank 3, transport 0
pytorch-benchmark-opt-0:110:160 [3] NCCL INFO Connected to proxy localRank 3 -> connection 0x7f240c005210
pytorch-benchmark-opt-0:107:163 [0] NCCL INFO Channel 10/0 : 0[0] -> 3[3] via P2P/CUMEM
pytorch-benchmark-opt-0:107:156 [0] NCCL INFO New proxy send connection 18 from local rank 0, transport 0
pytorch-benchmark-opt-0:107:163 [0] NCCL INFO Connected to proxy localRank 0 -> connection 0x7f83680057b0
pytorch-benchmark-opt-0:110:155 [3] NCCL INFO New proxy recv connection 7 from local rank 3, transport 0
pytorch-benchmark-opt-0:110:160 [3] NCCL INFO Connected to proxy localRank 3 -> connection 0x7f240c005288
pytorch-benchmark-opt-0:107:163 [0] NCCL INFO Channel 14/0 : 0[0] -> 3[3] via P2P/CUMEM
pytorch-benchmark-opt-0:107:156 [0] NCCL INFO New proxy send connection 19 from local rank 0, transport 0
pytorch-benchmark-opt-0:107:163 [0] NCCL INFO Connected to proxy localRank 0 -> connection 0x7f8368005828
pytorch-benchmark-opt-0:108:161 [1] NCCL INFO GPU Direct RDMA Enabled for GPU 26000 / HCA 1 (distance 4 <= 7), read 0
pytorch-benchmark-opt-0:110:155 [3] NCCL INFO New proxy recv connection 8 from local rank 3, transport 0
pytorch-benchmark-opt-0:110:160 [3] NCCL INFO Connected to proxy localRank 3 -> connection 0x7f240c005300
pytorch-benchmark-opt-0:110:155 [3] NCCL INFO New proxy recv connection 9 from local rank 3, transport 0
pytorch-benchmark-opt-0:110:160 [3] NCCL INFO Connected to proxy localRank 3 -> connection 0x7f240c005378
pytorch-benchmark-opt-0:110:155 [3] NCCL INFO New proxy recv connection 10 from local rank 3, transport 0
pytorch-benchmark-opt-0:110:160 [3] NCCL INFO Connected to proxy localRank 3 -> connection 0x7f240c0053f0
pytorch-benchmark-opt-0:110:155 [3] NCCL INFO New proxy recv connection 11 from local rank 3, transport 0
pytorch-benchmark-opt-0:110:160 [3] NCCL INFO Connected to proxy localRank 3 -> connection 0x7f240c005468
pytorch-benchmark-opt-0:110:160 [3] NCCL INFO GPU Direct RDMA Enabled for GPU c6000 / HCA 2 (distance 4 <= 7), read 1
pytorch-benchmark-opt-0:109:153 [2] NCCL INFO New proxy recv connection 12 from local rank 2, transport 2
pytorch-benchmark-opt-0:109:153 [2] NCCL INFO New proxy send connection 13 from local rank 3, transport 2
pytorch-benchmark-opt-0:110:160 [3] NCCL INFO Connected to proxy localRank 2 -> connection 0x7ff3b4005558
pytorch-benchmark-opt-0:109:165 [2] NCCL INFO [Proxy Progress] Device 2 CPU core 71
pytorch-benchmark-opt-0:109:162 [2] NCCL INFO Connected to proxy localRank 2 -> connection 0x7ff3b40054e0
pytorch-benchmark-opt-0:109:153 [2] NCCL INFO NET/IB : GPU Direct RDMA (nvidia-peermem) enabled for HCA 2 'mlx5_10
pytorch-benchmark-opt-0:109:153 [2] NCCL INFO NET/IB : GPU Direct RDMA (DMABUF) enabled for HCA 2 'mlx5_10
pytorch-benchmark-opt-0:110:160 [3] NCCL INFO Channel 02/0 : 3[3] -> 6[2] [send] via NET/IBext_v8/2(2)/GDRDMA
pytorch-benchmark-opt-0:110:160 [3] NCCL INFO GPU Direct RDMA Enabled for GPU c6000 / HCA 2 (distance 4 <= 7), read 1
pytorch-benchmark-opt-0:109:153 [2] NCCL INFO NET/IB : GPU Direct RDMA (nvidia-peermem) enabled for HCA 2 'mlx5_10
pytorch-benchmark-opt-0:109:153 [2] NCCL INFO NET/IB : GPU Direct RDMA (DMABUF) enabled for HCA 2 'mlx5_10
pytorch-benchmark-opt-0:109:153 [2] NCCL INFO New proxy send connection 14 from local rank 3, transport 2
pytorch-benchmark-opt-0:109:162 [2] NCCL INFO Channel 02/0 : 23[3] -> 2[2] [receive] via NET/IBext_v8/2/GDRDMA
pytorch-benchmark-opt-0:109:162 [2] NCCL INFO GPU Direct RDMA Enabled for GPU a6000 / HCA 2 (distance 4 <= 7), read 0
pytorch-benchmark-opt-0:110:160 [3] NCCL INFO Connected to proxy localRank 2 -> connection 0x7ff3b40055d0
pytorch-benchmark-opt-0:109:153 [2] NCCL INFO New proxy recv connection 15 from local rank 2, transport 2
pytorch-benchmark-opt-0:109:162 [2] NCCL INFO Connected to proxy localRank 2 -> connection 0x7ff3b4005648
pytorch-benchmark-opt-0:109:153 [2] NCCL INFO NET/IB : GPU Direct RDMA (nvidia-peermem) enabled for HCA 2 'mlx5_10
pytorch-benchmark-opt-0:109:153 [2] NCCL INFO NET/IB : GPU Direct RDMA (DMABUF) enabled for HCA 2 'mlx5_10
pytorch-benchmark-opt-0:110:160 [3] NCCL INFO Channel 06/0 : 3[3] -> 6[2] [send] via NET/IBext_v8/2(2)/GDRDMA
pytorch-benchmark-opt-0:110:160 [3] NCCL INFO GPU Direct RDMA Enabled for GPU c6000 / HCA 2 (distance 4 <= 7), read 1
pytorch-benchmark-opt-0:109:153 [2] NCCL INFO NET/IB : GPU Direct RDMA (nvidia-peermem) enabled for HCA 2 'mlx5_10
pytorch-benchmark-opt-0:109:153 [2] NCCL INFO NET/IB : GPU Direct RDMA (DMABUF) enabled for HCA 2 'mlx5_10
pytorch-benchmark-opt-0:109:162 [2] NCCL INFO Channel 06/0 : 23[3] -> 2[2] [receive] via NET/IBext_v8/2/GDRDMA
pytorch-benchmark-opt-0:109:162 [2] NCCL INFO GPU Direct RDMA Enabled for GPU a6000 / HCA 2 (distance 4 <= 7), read 0
pytorch-benchmark-opt-0:109:153 [2] NCCL INFO New proxy send connection 16 from local rank 3, transport 2
pytorch-benchmark-opt-0:110:160 [3] NCCL INFO Connected to proxy localRank 2 -> connection 0x7ff3b40056c0
pytorch-benchmark-opt-0:109:153 [2] NCCL INFO New proxy recv connection 17 from local rank 2, transport 2
pytorch-benchmark-opt-0:109:162 [2] NCCL INFO Connected to proxy localRank 2 -> connection 0x7ff3b4005738
pytorch-benchmark-opt-0:109:153 [2] NCCL INFO NET/IB : GPU Direct RDMA (nvidia-peermem) enabled for HCA 2 'mlx5_10
pytorch-benchmark-opt-0:109:153 [2] NCCL INFO NET/IB : GPU Direct RDMA (DMABUF) enabled for HCA 2 'mlx5_10
pytorch-benchmark-opt-0:110:160 [3] NCCL INFO Channel 10/0 : 3[3] -> 6[2] [send] via NET/IBext_v8/2(2)/GDRDMA
pytorch-benchmark-opt-0:110:160 [3] NCCL INFO GPU Direct RDMA Enabled for GPU c6000 / HCA 2 (distance 4 <= 7), read 1
pytorch-benchmark-opt-0:109:153 [2] NCCL INFO NET/IB : GPU Direct RDMA (nvidia-peermem) enabled for HCA 2 'mlx5_10
pytorch-benchmark-opt-0:109:153 [2] NCCL INFO NET/IB : GPU Direct RDMA (DMABUF) enabled for HCA 2 'mlx5_10
pytorch-benchmark-opt-0:109:162 [2] NCCL INFO Channel 10/0 : 23[3] -> 2[2] [receive] via NET/IBext_v8/2/GDRDMA
pytorch-benchmark-opt-0:109:162 [2] NCCL INFO GPU Direct RDMA Enabled for GPU a6000 / HCA 2 (distance 4 <= 7), read 0
pytorch-benchmark-opt-0:109:153 [2] NCCL INFO New proxy send connection 18 from local rank 3, transport 2
pytorch-benchmark-opt-0:110:160 [3] NCCL INFO Connected to proxy localRank 2 -> connection 0x7ff3b40057b0
pytorch-benchmark-opt-0:109:153 [2] NCCL INFO New proxy recv connection 19 from local rank 2, transport 2
pytorch-benchmark-opt-0:109:162 [2] NCCL INFO Connected to proxy localRank 2 -> connection 0x7ff3b4005828
pytorch-benchmark-opt-0:109:153 [2] NCCL INFO NET/IB : GPU Direct RDMA (nvidia-peermem) enabled for HCA 2 'mlx5_10
pytorch-benchmark-opt-0:109:153 [2] NCCL INFO NET/IB : GPU Direct RDMA (DMABUF) enabled for HCA 2 'mlx5_10
pytorch-benchmark-opt-0:110:160 [3] NCCL INFO Channel 14/0 : 3[3] -> 6[2] [send] via NET/IBext_v8/2(2)/GDRDMA
pytorch-benchmark-opt-0:109:153 [2] NCCL INFO NET/IB : GPU Direct RDMA (nvidia-peermem) enabled for HCA 2 'mlx5_10
pytorch-benchmark-opt-0:109:153 [2] NCCL INFO NET/IB : GPU Direct RDMA (DMABUF) enabled for HCA 2 'mlx5_10
pytorch-benchmark-opt-0:109:162 [2] NCCL INFO Channel 14/0 : 23[3] -> 2[2] [receive] via NET/IBext_v8/2/GDRDMA
pytorch-benchmark-opt-0:107:163 [0] NCCL INFO GPU Direct RDMA Enabled for GPU 6000 / HCA 1 (distance 4 <= 7), read 1
pytorch-benchmark-opt-0:108:152 [1] NCCL INFO New proxy recv connection 12 from local rank 1, transport 2
pytorch-benchmark-opt-0:108:152 [1] NCCL INFO New proxy send connection 13 from local rank 0, transport 2
pytorch-benchmark-opt-0:107:163 [0] NCCL INFO Connected to proxy localRank 1 -> connection 0x7fe63c005558
pytorch-benchmark-opt-0:108:166 [1] NCCL INFO [Proxy Progress] Device 1 CPU core 9
pytorch-benchmark-opt-0:108:152 [1] NCCL INFO NET/IB : GPU Direct RDMA (nvidia-peermem) enabled for HCA 1 'mlx5_7
pytorch-benchmark-opt-0:108:152 [1] NCCL INFO NET/IB : GPU Direct RDMA (DMABUF) enabled for HCA 1 'mlx5_7
pytorch-benchmark-opt-0:108:161 [1] NCCL INFO Connected to proxy localRank 1 -> connection 0x7fe63c0054e0
pytorch-benchmark-opt-0:107:163 [0] NCCL INFO Channel 01/0 : 0[0] -> 5[1] [send] via NET/IBext_v8/1(1)/GDRDMA
pytorch-benchmark-opt-0:107:163 [0] NCCL INFO GPU Direct RDMA Enabled for GPU 6000 / HCA 1 (distance 4 <= 7), read 1
pytorch-benchmark-opt-0:108:152 [1] NCCL INFO New proxy send connection 14 from local rank 0, transport 2
pytorch-benchmark-opt-0:107:163 [0] NCCL INFO Connected to proxy localRank 1 -> connection 0x7fe63c0055d0
pytorch-benchmark-opt-0:108:152 [1] NCCL INFO NET/IB : GPU Direct RDMA (nvidia-peermem) enabled for HCA 1 'mlx5_7
pytorch-benchmark-opt-0:108:152 [1] NCCL INFO NET/IB : GPU Direct RDMA (DMABUF) enabled for HCA 1 'mlx5_7
pytorch-benchmark-opt-0:108:161 [1] NCCL INFO Channel 01/0 : 20[0] -> 1[1] [receive] via NET/IBext_v8/1/GDRDMA
pytorch-benchmark-opt-0:108:152 [1] NCCL INFO NET/IB : GPU Direct RDMA (nvidia-peermem) enabled for HCA 1 'mlx5_7
pytorch-benchmark-opt-0:108:152 [1] NCCL INFO NET/IB : GPU Direct RDMA (DMABUF) enabled for HCA 1 'mlx5_7
pytorch-benchmark-opt-0:108:161 [1] NCCL INFO GPU Direct RDMA Enabled for GPU 26000 / HCA 1 (distance 4 <= 7), read 0
pytorch-benchmark-opt-0:107:163 [0] NCCL INFO Channel 05/0 : 0[0] -> 5[1] [send] via NET/IBext_v8/1(1)/GDRDMA
pytorch-benchmark-opt-0:107:163 [0] NCCL INFO GPU Direct RDMA Enabled for GPU 6000 / HCA 1 (distance 4 <= 7), read 1
pytorch-benchmark-opt-0:108:152 [1] NCCL INFO New proxy recv connection 15 from local rank 1, transport 2
pytorch-benchmark-opt-0:108:161 [1] NCCL INFO Connected to proxy localRank 1 -> connection 0x7fe63c005648
pytorch-benchmark-opt-0:108:152 [1] NCCL INFO New proxy send connection 16 from local rank 0, transport 2
pytorch-benchmark-opt-0:107:163 [0] NCCL INFO Connected to proxy localRank 1 -> connection 0x7fe63c0056c0
pytorch-benchmark-opt-0:108:152 [1] NCCL INFO NET/IB : GPU Direct RDMA (nvidia-peermem) enabled for HCA 1 'mlx5_7
pytorch-benchmark-opt-0:108:152 [1] NCCL INFO NET/IB : GPU Direct RDMA (DMABUF) enabled for HCA 1 'mlx5_7
pytorch-benchmark-opt-0:108:161 [1] NCCL INFO Channel 05/0 : 20[0] -> 1[1] [receive] via NET/IBext_v8/1/GDRDMA
pytorch-benchmark-opt-0:108:161 [1] NCCL INFO GPU Direct RDMA Enabled for GPU 26000 / HCA 1 (distance 4 <= 7), read 0
pytorch-benchmark-opt-0:108:152 [1] NCCL INFO NET/IB : GPU Direct RDMA (nvidia-peermem) enabled for HCA 1 'mlx5_7
pytorch-benchmark-opt-0:108:152 [1] NCCL INFO NET/IB : GPU Direct RDMA (DMABUF) enabled for HCA 1 'mlx5_7
pytorch-benchmark-opt-0:107:163 [0] NCCL INFO Channel 09/0 : 0[0] -> 5[1] [send] via NET/IBext_v8/1(1)/GDRDMA
pytorch-benchmark-opt-0:107:163 [0] NCCL INFO GPU Direct RDMA Enabled for GPU 6000 / HCA 1 (distance 4 <= 7), read 1
pytorch-benchmark-opt-0:108:152 [1] NCCL INFO New proxy recv connection 17 from local rank 1, transport 2
pytorch-benchmark-opt-0:108:161 [1] NCCL INFO Connected to proxy localRank 1 -> connection 0x7fe63c005738
pytorch-benchmark-opt-0:108:152 [1] NCCL INFO New proxy send connection 18 from local rank 0, transport 2
pytorch-benchmark-opt-0:107:163 [0] NCCL INFO Connected to proxy localRank 1 -> connection 0x7fe63c0057b0
pytorch-benchmark-opt-0:108:152 [1] NCCL INFO NET/IB : GPU Direct RDMA (nvidia-peermem) enabled for HCA 1 'mlx5_7
pytorch-benchmark-opt-0:108:152 [1] NCCL INFO NET/IB : GPU Direct RDMA (DMABUF) enabled for HCA 1 'mlx5_7
pytorch-benchmark-opt-0:108:161 [1] NCCL INFO Channel 09/0 : 20[0] -> 1[1] [receive] via NET/IBext_v8/1/GDRDMA
pytorch-benchmark-opt-0:108:161 [1] NCCL INFO GPU Direct RDMA Enabled for GPU 26000 / HCA 1 (distance 4 <= 7), read 0
pytorch-benchmark-opt-0:108:152 [1] NCCL INFO NET/IB : GPU Direct RDMA (nvidia-peermem) enabled for HCA 1 'mlx5_7
pytorch-benchmark-opt-0:108:152 [1] NCCL INFO NET/IB : GPU Direct RDMA (DMABUF) enabled for HCA 1 'mlx5_7
pytorch-benchmark-opt-0:107:163 [0] NCCL INFO Channel 13/0 : 0[0] -> 5[1] [send] via NET/IBext_v8/1(1)/GDRDMA
pytorch-benchmark-opt-0:108:152 [1] NCCL INFO New proxy recv connection 19 from local rank 1, transport 2
pytorch-benchmark-opt-0:108:161 [1] NCCL INFO Connected to proxy localRank 1 -> connection 0x7fe63c005828
pytorch-benchmark-opt-0:108:152 [1] NCCL INFO NET/IB : GPU Direct RDMA (nvidia-peermem) enabled for HCA 1 'mlx5_7
pytorch-benchmark-opt-0:108:152 [1] NCCL INFO NET/IB : GPU Direct RDMA (DMABUF) enabled for HCA 1 'mlx5_7
pytorch-benchmark-opt-0:108:161 [1] NCCL INFO Channel 13/0 : 20[0] -> 1[1] [receive] via NET/IBext_v8/1/GDRDMA
pytorch-benchmark-opt-0:107:156 [0] NCCL INFO New proxy recv connection 20 from local rank 0, transport 0
pytorch-benchmark-opt-0:107:163 [0] NCCL INFO Connected to proxy localRank 0 -> connection 0x7f83680058a0
pytorch-benchmark-opt-0:110:160 [3] NCCL INFO GPU Direct RDMA Enabled for GPU c6000 / HCA 3 (distance 4 <= 7), read 0
pytorch-benchmark-opt-0:107:156 [0] NCCL INFO New proxy recv connection 21 from local rank 0, transport 0
pytorch-benchmark-opt-0:107:163 [0] NCCL INFO Connected to proxy localRank 0 -> connection 0x7f8368005918
pytorch-benchmark-opt-0:107:156 [0] NCCL INFO New proxy recv connection 22 from local rank 0, transport 0
pytorch-benchmark-opt-0:107:163 [0] NCCL INFO Connected to proxy localRank 0 -> connection 0x7f8368005990
pytorch-benchmark-opt-0:107:156 [0] NCCL INFO New proxy recv connection 23 from local rank 0, transport 0
pytorch-benchmark-opt-0:107:163 [0] NCCL INFO Connected to proxy localRank 0 -> connection 0x7f8368005a08
pytorch-benchmark-opt-0:109:162 [2] NCCL INFO GPU Direct RDMA Enabled for GPU a6000 / HCA 3 (distance 4 <= 7), read 1
pytorch-benchmark-opt-0:108:152 [1] NCCL INFO New proxy recv connection 20 from local rank 1, transport 0
pytorch-benchmark-opt-0:108:161 [1] NCCL INFO Connected to proxy localRank 1 -> connection 0x7fe63c0058a0
pytorch-benchmark-opt-0:108:152 [1] NCCL INFO New proxy recv connection 21 from local rank 1, transport 0
pytorch-benchmark-opt-0:108:161 [1] NCCL INFO Connected to proxy localRank 1 -> connection 0x7fe63c005918
pytorch-benchmark-opt-0:108:152 [1] NCCL INFO New proxy recv connection 22 from local rank 1, transport 0
pytorch-benchmark-opt-0:108:161 [1] NCCL INFO Connected to proxy localRank 1 -> connection 0x7fe63c005990
pytorch-benchmark-opt-0:108:152 [1] NCCL INFO New proxy recv connection 23 from local rank 1, transport 0
pytorch-benchmark-opt-0:108:161 [1] NCCL INFO Connected to proxy localRank 1 -> connection 0x7fe63c005a08
pytorch-benchmark-opt-0:110:155 [3] NCCL INFO New proxy recv connection 12 from local rank 3, transport 2
pytorch-benchmark-opt-0:110:155 [3] NCCL INFO New proxy send connection 13 from local rank 2, transport 2
pytorch-benchmark-opt-0:110:160 [3] NCCL INFO Connected to proxy localRank 3 -> connection 0x7f240c0054e0
pytorch-benchmark-opt-0:109:162 [2] NCCL INFO Connected to proxy localRank 3 -> connection 0x7f240c005558
pytorch-benchmark-opt-0:110:155 [3] NCCL INFO NET/IB : GPU Direct RDMA (nvidia-peermem) enabled for HCA 3 'mlx5_11
pytorch-benchmark-opt-0:110:155 [3] NCCL INFO NET/IB : GPU Direct RDMA (DMABUF) enabled for HCA 3 'mlx5_11
pytorch-benchmark-opt-0:110:160 [3] NCCL INFO Channel 03/0 : 22[2] -> 3[3] [receive] via NET/IBext_v8/3/GDRDMA
pytorch-benchmark-opt-0:110:160 [3] NCCL INFO GPU Direct RDMA Enabled for GPU c6000 / HCA 3 (distance 4 <= 7), read 0
pytorch-benchmark-opt-0:110:167 [3] NCCL INFO [Proxy Progress] Device 3 CPU core 168
pytorch-benchmark-opt-0:110:155 [3] NCCL INFO NET/IB : GPU Direct RDMA (nvidia-peermem) enabled for HCA 3 'mlx5_11
pytorch-benchmark-opt-0:110:155 [3] NCCL INFO NET/IB : GPU Direct RDMA (DMABUF) enabled for HCA 3 'mlx5_11
pytorch-benchmark-opt-0:109:162 [2] NCCL INFO Channel 03/0 : 2[2] -> 7[3] [send] via NET/IBext_v8/3(3)/GDRDMA
pytorch-benchmark-opt-0:109:162 [2] NCCL INFO GPU Direct RDMA Enabled for GPU a6000 / HCA 3 (distance 4 <= 7), read 1
pytorch-benchmark-opt-0:110:155 [3] NCCL INFO New proxy recv connection 14 from local rank 3, transport 2
pytorch-benchmark-opt-0:110:160 [3] NCCL INFO Connected to proxy localRank 3 -> connection 0x7f240c0055d0
pytorch-benchmark-opt-0:110:155 [3] NCCL INFO New proxy send connection 15 from local rank 2, transport 2
pytorch-benchmark-opt-0:109:162 [2] NCCL INFO Connected to proxy localRank 3 -> connection 0x7f240c005648
pytorch-benchmark-opt-0:110:155 [3] NCCL INFO NET/IB : GPU Direct RDMA (nvidia-peermem) enabled for HCA 3 'mlx5_11
pytorch-benchmark-opt-0:110:155 [3] NCCL INFO NET/IB : GPU Direct RDMA (DMABUF) enabled for HCA 3 'mlx5_11
pytorch-benchmark-opt-0:110:160 [3] NCCL INFO Channel 07/0 : 22[2] -> 3[3] [receive] via NET/IBext_v8/3/GDRDMA
pytorch-benchmark-opt-0:110:160 [3] NCCL INFO GPU Direct RDMA Enabled for GPU c6000 / HCA 3 (distance 4 <= 7), read 0
pytorch-benchmark-opt-0:110:155 [3] NCCL INFO NET/IB : GPU Direct RDMA (nvidia-peermem) enabled for HCA 3 'mlx5_11
pytorch-benchmark-opt-0:110:155 [3] NCCL INFO NET/IB : GPU Direct RDMA (DMABUF) enabled for HCA 3 'mlx5_11
pytorch-benchmark-opt-0:109:162 [2] NCCL INFO Channel 07/0 : 2[2] -> 7[3] [send] via NET/IBext_v8/3(3)/GDRDMA
pytorch-benchmark-opt-0:109:162 [2] NCCL INFO GPU Direct RDMA Enabled for GPU a6000 / HCA 3 (distance 4 <= 7), read 1
pytorch-benchmark-opt-0:110:155 [3] NCCL INFO New proxy recv connection 16 from local rank 3, transport 2
pytorch-benchmark-opt-0:110:160 [3] NCCL INFO Connected to proxy localRank 3 -> connection 0x7f240c0056c0
pytorch-benchmark-opt-0:110:155 [3] NCCL INFO New proxy send connection 17 from local rank 2, transport 2
pytorch-benchmark-opt-0:109:162 [2] NCCL INFO Connected to proxy localRank 3 -> connection 0x7f240c005738
pytorch-benchmark-opt-0:110:155 [3] NCCL INFO NET/IB : GPU Direct RDMA (nvidia-peermem) enabled for HCA 3 'mlx5_11
pytorch-benchmark-opt-0:110:155 [3] NCCL INFO NET/IB : GPU Direct RDMA (DMABUF) enabled for HCA 3 'mlx5_11
pytorch-benchmark-opt-0:110:160 [3] NCCL INFO Channel 11/0 : 22[2] -> 3[3] [receive] via NET/IBext_v8/3/GDRDMA
pytorch-benchmark-opt-0:110:160 [3] NCCL INFO GPU Direct RDMA Enabled for GPU c6000 / HCA 3 (distance 4 <= 7), read 0
pytorch-benchmark-opt-0:110:155 [3] NCCL INFO NET/IB : GPU Direct RDMA (nvidia-peermem) enabled for HCA 3 'mlx5_11
pytorch-benchmark-opt-0:110:155 [3] NCCL INFO NET/IB : GPU Direct RDMA (DMABUF) enabled for HCA 3 'mlx5_11
pytorch-benchmark-opt-0:109:162 [2] NCCL INFO Channel 11/0 : 2[2] -> 7[3] [send] via NET/IBext_v8/3(3)/GDRDMA
pytorch-benchmark-opt-0:109:162 [2] NCCL INFO GPU Direct RDMA Enabled for GPU a6000 / HCA 3 (distance 4 <= 7), read 1
pytorch-benchmark-opt-0:110:155 [3] NCCL INFO New proxy recv connection 18 from local rank 3, transport 2
pytorch-benchmark-opt-0:110:160 [3] NCCL INFO Connected to proxy localRank 3 -> connection 0x7f240c0057b0
pytorch-benchmark-opt-0:110:155 [3] NCCL INFO New proxy send connection 19 from local rank 2, transport 2
pytorch-benchmark-opt-0:109:162 [2] NCCL INFO Connected to proxy localRank 3 -> connection 0x7f240c005828
pytorch-benchmark-opt-0:110:155 [3] NCCL INFO NET/IB : GPU Direct RDMA (nvidia-peermem) enabled for HCA 3 'mlx5_11
pytorch-benchmark-opt-0:110:155 [3] NCCL INFO NET/IB : GPU Direct RDMA (DMABUF) enabled for HCA 3 'mlx5_11
pytorch-benchmark-opt-0:110:160 [3] NCCL INFO Channel 15/0 : 22[2] -> 3[3] [receive] via NET/IBext_v8/3/GDRDMA
pytorch-benchmark-opt-0:110:155 [3] NCCL INFO NET/IB : GPU Direct RDMA (nvidia-peermem) enabled for HCA 3 'mlx5_11
pytorch-benchmark-opt-0:110:155 [3] NCCL INFO NET/IB : GPU Direct RDMA (DMABUF) enabled for HCA 3 'mlx5_11
pytorch-benchmark-opt-0:109:162 [2] NCCL INFO Channel 15/0 : 2[2] -> 7[3] [send] via NET/IBext_v8/3(3)/GDRDMA
pytorch-benchmark-opt-0:109:162 [2] NCCL INFO Channel 01/0 : 2[2] -> 0[0] via P2P/CUMEM
pytorch-benchmark-opt-0:109:153 [2] NCCL INFO New proxy send connection 20 from local rank 2, transport 0
pytorch-benchmark-opt-0:109:162 [2] NCCL INFO Connected to proxy localRank 2 -> connection 0x7ff3b40058a0
pytorch-benchmark-opt-0:109:162 [2] NCCL INFO Channel 05/0 : 2[2] -> 0[0] via P2P/CUMEM
pytorch-benchmark-opt-0:109:153 [2] NCCL INFO New proxy send connection 21 from local rank 2, transport 0
pytorch-benchmark-opt-0:109:162 [2] NCCL INFO Connected to proxy localRank 2 -> connection 0x7ff3b4005918
pytorch-benchmark-opt-0:109:162 [2] NCCL INFO Channel 09/0 : 2[2] -> 0[0] via P2P/CUMEM
pytorch-benchmark-opt-0:109:153 [2] NCCL INFO New proxy send connection 22 from local rank 2, transport 0
pytorch-benchmark-opt-0:109:162 [2] NCCL INFO Connected to proxy localRank 2 -> connection 0x7ff3b4005990
pytorch-benchmark-opt-0:109:162 [2] NCCL INFO Channel 13/0 : 2[2] -> 0[0] via P2P/CUMEM
pytorch-benchmark-opt-0:109:153 [2] NCCL INFO New proxy send connection 23 from local rank 2, transport 0
pytorch-benchmark-opt-0:109:162 [2] NCCL INFO Connected to proxy localRank 2 -> connection 0x7ff3b4005a08
pytorch-benchmark-opt-0:110:160 [3] NCCL INFO Channel 03/0 : 3[3] -> 1[1] via P2P/CUMEM
pytorch-benchmark-opt-0:110:155 [3] NCCL INFO New proxy send connection 20 from local rank 3, transport 0
pytorch-benchmark-opt-0:110:160 [3] NCCL INFO Connected to proxy localRank 3 -> connection 0x7f240c0058a0
pytorch-benchmark-opt-0:110:160 [3] NCCL INFO Channel 07/0 : 3[3] -> 1[1] via P2P/CUMEM
pytorch-benchmark-opt-0:110:155 [3] NCCL INFO New proxy send connection 21 from local rank 3, transport 0
pytorch-benchmark-opt-0:109:153 [2] NCCL INFO New proxy recv connection 24 from local rank 2, transport 0
pytorch-benchmark-opt-0:110:160 [3] NCCL INFO Connected to proxy localRank 3 -> connection 0x7f240c005918
pytorch-benchmark-opt-0:107:156 [0] NCCL INFO New proxy recv connection 24 from local rank 0, transport 0
pytorch-benchmark-opt-0:109:162 [2] NCCL INFO Connected to proxy localRank 2 -> connection 0x7ff3b4005a80
pytorch-benchmark-opt-0:107:163 [0] NCCL INFO Connected to proxy localRank 0 -> connection 0x7f8368005a80
pytorch-benchmark-opt-0:110:160 [3] NCCL INFO Channel 11/0 : 3[3] -> 1[1] via P2P/CUMEM
pytorch-benchmark-opt-0:110:155 [3] NCCL INFO New proxy send connection 22 from local rank 3, transport 0
pytorch-benchmark-opt-0:109:153 [2] NCCL INFO New proxy recv connection 25 from local rank 2, transport 0
pytorch-benchmark-opt-0:110:160 [3] NCCL INFO Connected to proxy localRank 3 -> connection 0x7f240c005990
pytorch-benchmark-opt-0:109:162 [2] NCCL INFO Connected to proxy localRank 2 -> connection 0x7ff3b4005af8
pytorch-benchmark-opt-0:107:156 [0] NCCL INFO New proxy recv connection 25 from local rank 0, transport 0
pytorch-benchmark-opt-0:107:163 [0] NCCL INFO Connected to proxy localRank 0 -> connection 0x7f8368005af8
pytorch-benchmark-opt-0:110:160 [3] NCCL INFO Channel 15/0 : 3[3] -> 1[1] via P2P/CUMEM
pytorch-benchmark-opt-0:109:153 [2] NCCL INFO New proxy recv connection 26 from local rank 2, transport 0
pytorch-benchmark-opt-0:109:162 [2] NCCL INFO Connected to proxy localRank 2 -> connection 0x7ff3b4005b70
pytorch-benchmark-opt-0:110:155 [3] NCCL INFO New proxy send connection 23 from local rank 3, transport 0
pytorch-benchmark-opt-0:110:160 [3] NCCL INFO Connected to proxy localRank 3 -> connection 0x7f240c005a08
pytorch-benchmark-opt-0:107:156 [0] NCCL INFO New proxy recv connection 26 from local rank 0, transport 0
pytorch-benchmark-opt-0:107:163 [0] NCCL INFO Connected to proxy localRank 0 -> connection 0x7f8368005b70
pytorch-benchmark-opt-0:109:153 [2] NCCL INFO New proxy recv connection 27 from local rank 2, transport 0
pytorch-benchmark-opt-0:110:160 [3] NCCL INFO Channel 01/0 : 3[3] -> 2[2] via P2P/CUMEM
pytorch-benchmark-opt-0:109:162 [2] NCCL INFO Connected to proxy localRank 2 -> connection 0x7ff3b4005be8
pytorch-benchmark-opt-0:107:156 [0] NCCL INFO New proxy recv connection 27 from local rank 0, transport 0
pytorch-benchmark-opt-0:110:155 [3] NCCL INFO New proxy send connection 24 from local rank 3, transport 0
pytorch-benchmark-opt-0:107:163 [0] NCCL INFO Connected to proxy localRank 0 -> connection 0x7f8368005be8
pytorch-benchmark-opt-0:110:160 [3] NCCL INFO Connected to proxy localRank 3 -> connection 0x7f240c005a80
pytorch-benchmark-opt-0:108:152 [1] NCCL INFO New proxy recv connection 24 from local rank 1, transport 0
pytorch-benchmark-opt-0:108:161 [1] NCCL INFO Connected to proxy localRank 1 -> connection 0x7fe63c005a80
pytorch-benchmark-opt-0:109:162 [2] NCCL INFO Channel 02/0 : 2[2] -> 1[1] via P2P/CUMEM
pytorch-benchmark-opt-0:110:160 [3] NCCL INFO Channel 05/0 : 3[3] -> 2[2] via P2P/CUMEM
pytorch-benchmark-opt-0:109:153 [2] NCCL INFO New proxy send connection 28 from local rank 2, transport 0
pytorch-benchmark-opt-0:110:155 [3] NCCL INFO New proxy send connection 25 from local rank 3, transport 0
pytorch-benchmark-opt-0:109:162 [2] NCCL INFO Connected to proxy localRank 2 -> connection 0x7ff3b4005c60
pytorch-benchmark-opt-0:107:156 [0] NCCL INFO New proxy recv connection 28 from local rank 0, transport 0
pytorch-benchmark-opt-0:110:160 [3] NCCL INFO Connected to proxy localRank 3 -> connection 0x7f240c005af8
pytorch-benchmark-opt-0:107:163 [0] NCCL INFO Connected to proxy localRank 0 -> connection 0x7f8368005c60
pytorch-benchmark-opt-0:108:152 [1] NCCL INFO New proxy recv connection 25 from local rank 1, transport 0
pytorch-benchmark-opt-0:108:161 [1] NCCL INFO Connected to proxy localRank 1 -> connection 0x7fe63c005af8
pytorch-benchmark-opt-0:110:160 [3] NCCL INFO Channel 09/0 : 3[3] -> 2[2] via P2P/CUMEM
pytorch-benchmark-opt-0:110:155 [3] NCCL INFO New proxy send connection 26 from local rank 3, transport 0
pytorch-benchmark-opt-0:109:162 [2] NCCL INFO Channel 06/0 : 2[2] -> 1[1] via P2P/CUMEM
pytorch-benchmark-opt-0:110:160 [3] NCCL INFO Connected to proxy localRank 3 -> connection 0x7f240c005b70
pytorch-benchmark-opt-0:109:153 [2] NCCL INFO New proxy send connection 29 from local rank 2, transport 0
pytorch-benchmark-opt-0:109:162 [2] NCCL INFO Connected to proxy localRank 2 -> connection 0x7ff3b4005cd8
pytorch-benchmark-opt-0:107:156 [0] NCCL INFO New proxy recv connection 29 from local rank 0, transport 0
pytorch-benchmark-opt-0:107:163 [0] NCCL INFO Connected to proxy localRank 0 -> connection 0x7f8368005cd8
pytorch-benchmark-opt-0:108:152 [1] NCCL INFO New proxy recv connection 26 from local rank 1, transport 0
pytorch-benchmark-opt-0:108:161 [1] NCCL INFO Connected to proxy localRank 1 -> connection 0x7fe63c005b70
pytorch-benchmark-opt-0:110:160 [3] NCCL INFO Channel 13/0 : 3[3] -> 2[2] via P2P/CUMEM
pytorch-benchmark-opt-0:110:155 [3] NCCL INFO New proxy send connection 27 from local rank 3, transport 0
pytorch-benchmark-opt-0:110:160 [3] NCCL INFO Connected to proxy localRank 3 -> connection 0x7f240c005be8
pytorch-benchmark-opt-0:109:162 [2] NCCL INFO Channel 10/0 : 2[2] -> 1[1] via P2P/CUMEM
pytorch-benchmark-opt-0:109:153 [2] NCCL INFO New proxy send connection 30 from local rank 2, transport 0
pytorch-benchmark-opt-0:109:162 [2] NCCL INFO Connected to proxy localRank 2 -> connection 0x7ff3b4005d50
pytorch-benchmark-opt-0:107:156 [0] NCCL INFO New proxy recv connection 30 from local rank 0, transport 0
pytorch-benchmark-opt-0:107:163 [0] NCCL INFO Connected to proxy localRank 0 -> connection 0x7f8368005d50
pytorch-benchmark-opt-0:108:152 [1] NCCL INFO New proxy recv connection 27 from local rank 1, transport 0
pytorch-benchmark-opt-0:108:161 [1] NCCL INFO Connected to proxy localRank 1 -> connection 0x7fe63c005be8
pytorch-benchmark-opt-0:109:162 [2] NCCL INFO Channel 14/0 : 2[2] -> 1[1] via P2P/CUMEM
pytorch-benchmark-opt-0:109:153 [2] NCCL INFO New proxy send connection 31 from local rank 2, transport 0
pytorch-benchmark-opt-0:107:156 [0] NCCL INFO New proxy recv connection 31 from local rank 0, transport 0
pytorch-benchmark-opt-0:109:162 [2] NCCL INFO Connected to proxy localRank 2 -> connection 0x7ff3b4005dc8
pytorch-benchmark-opt-0:107:163 [0] NCCL INFO Connected to proxy localRank 0 -> connection 0x7f8368005dc8
pytorch-benchmark-opt-0:108:161 [1] NCCL INFO Channel 02/0 : 1[1] -> 0[0] via P2P/CUMEM
pytorch-benchmark-opt-0:108:152 [1] NCCL INFO New proxy send connection 28 from local rank 1, transport 0
pytorch-benchmark-opt-0:108:161 [1] NCCL INFO Connected to proxy localRank 1 -> connection 0x7fe63c005c60
pytorch-benchmark-opt-0:108:161 [1] NCCL INFO Channel 03/0 : 1[1] -> 0[0] via P2P/CUMEM
pytorch-benchmark-opt-0:108:152 [1] NCCL INFO New proxy send connection 29 from local rank 1, transport 0
pytorch-benchmark-opt-0:108:161 [1] NCCL INFO Connected to proxy localRank 1 -> connection 0x7fe63c005cd8
pytorch-benchmark-opt-0:109:153 [2] NCCL INFO New proxy send connection 32 from local rank 3, transport 0
pytorch-benchmark-opt-0:108:161 [1] NCCL INFO Channel 06/0 : 1[1] -> 0[0] via P2P/CUMEM
pytorch-benchmark-opt-0:110:160 [3] NCCL INFO Connected to proxy localRank 2 -> connection 0x7ff3b4005e40
pytorch-benchmark-opt-0:108:152 [1] NCCL INFO New proxy send connection 30 from local rank 1, transport 0
pytorch-benchmark-opt-0:108:161 [1] NCCL INFO Connected to proxy localRank 1 -> connection 0x7fe63c005d50
pytorch-benchmark-opt-0:108:161 [1] NCCL INFO Channel 07/0 : 1[1] -> 0[0] via P2P/CUMEM
pytorch-benchmark-opt-0:108:152 [1] NCCL INFO New proxy send connection 31 from local rank 1, transport 0
pytorch-benchmark-opt-0:108:161 [1] NCCL INFO Connected to proxy localRank 1 -> connection 0x7fe63c005dc8
pytorch-benchmark-opt-0:108:161 [1] NCCL INFO Channel 10/0 : 1[1] -> 0[0] via P2P/CUMEM
pytorch-benchmark-opt-0:108:152 [1] NCCL INFO New proxy send connection 32 from local rank 1, transport 0
pytorch-benchmark-opt-0:108:161 [1] NCCL INFO Connected to proxy localRank 1 -> connection 0x7fe63c005e40
pytorch-benchmark-opt-0:107:156 [0] NCCL INFO NET/IB: NCCL Dev 0 IbDev 0 Port 1 qpn 476 mtu 5 query_ece={supported=1, vendor_id=0x15b3, options=0x30000002, comp_mask=0x0} GID 3 (0/667000AFFFF0000) fifoRkey=0x42100 fifoLkey=0x42100
pytorch-benchmark-opt-0:108:161 [1] NCCL INFO Channel 11/0 : 1[1] -> 0[0] via P2P/CUMEM
pytorch-benchmark-opt-0:108:152 [1] NCCL INFO New proxy send connection 33 from local rank 1, transport 0
pytorch-benchmark-opt-0:108:161 [1] NCCL INFO Connected to proxy localRank 1 -> connection 0x7fe63c005eb8
pytorch-benchmark-opt-0:108:161 [1] NCCL INFO Channel 14/0 : 1[1] -> 0[0] via P2P/CUMEM
pytorch-benchmark-opt-0:108:152 [1] NCCL INFO New proxy send connection 34 from local rank 1, transport 0
pytorch-benchmark-opt-0:108:161 [1] NCCL INFO Connected to proxy localRank 1 -> connection 0x7fe63c005f30
pytorch-benchmark-opt-0:108:161 [1] NCCL INFO Channel 15/0 : 1[1] -> 0[0] via P2P/CUMEM
pytorch-benchmark-opt-0:108:152 [1] NCCL INFO New proxy send connection 35 from local rank 1, transport 0
pytorch-benchmark-opt-0:108:161 [1] NCCL INFO Connected to proxy localRank 1 -> connection 0x7fe63c005fa8
pytorch-benchmark-opt-0:107:156 [0] NCCL INFO NET/IB: NCCL Dev 0 IbDev 0 Port 1 qpn 477 mtu 5 query_ece={supported=1, vendor_id=0x15b3, options=0x30000002, comp_mask=0x0} GID 3 (0/667000AFFFF0000) fifoRkey=0x40f00 fifoLkey=0x40f00
pytorch-benchmark-opt-0:109:153 [2] NCCL INFO New proxy send connection 33 from local rank 1, transport 0
pytorch-benchmark-opt-0:108:161 [1] NCCL INFO Connected to proxy localRank 2 -> connection 0x7ff3b4005eb8
pytorch-benchmark-opt-0:108:152 [1] NCCL INFO New proxy send connection 36 from local rank 0, transport 0
pytorch-benchmark-opt-0:107:163 [0] NCCL INFO Connected to proxy localRank 1 -> connection 0x7fe63c006020
pytorch-benchmark-opt-0:107:156 [0] NCCL INFO NET/IB: NCCL Dev 0 IbDev 0 Port 1 qpn 478 mtu 5 query_ece={supported=1, vendor_id=0x15b3, options=0x30000002, comp_mask=0x0} GID 3 (0/667000AFFFF0000) fifoRkey=0x41000 fifoLkey=0x41000
pytorch-benchmark-opt-0:110:155 [3] NCCL INFO New proxy send connection 28 from local rank 2, transport 0
pytorch-benchmark-opt-0:109:162 [2] NCCL INFO Connected to proxy localRank 3 -> connection 0x7f240c005c60
pytorch-benchmark-opt-0:107:156 [0] NCCL INFO NET/IB: NCCL Dev 0 IbDev 0 Port 1 qpn 479 mtu 5 query_ece={supported=1, vendor_id=0x15b3, options=0x30000002, comp_mask=0x0} GID 3 (0/667000AFFFF0000) fifoRkey=0x41100 fifoLkey=0x41100
pytorch-benchmark-opt-0:108:152 [1] NCCL INFO New proxy send connection 37 from local rank 2, transport 0
pytorch-benchmark-opt-0:109:162 [2] NCCL INFO Connected to proxy localRank 1 -> connection 0x7fe63c006098
pytorch-benchmark-opt-0:107:156 [0] NCCL INFO New proxy send connection 32 from local rank 1, transport 0
pytorch-benchmark-opt-0:108:161 [1] NCCL INFO Connected to proxy localRank 0 -> connection 0x7f8368005e40
pytorch-benchmark-opt-0:108:152 [1] NCCL INFO New proxy send connection 38 from local rank 3, transport 0
pytorch-benchmark-opt-0:110:160 [3] NCCL INFO Connected to proxy localRank 1 -> connection 0x7fe63c006110
pytorch-benchmark-opt-0:107:156 [0] NCCL INFO NET/IB: IbDev 0 Port 1 qpn 296 set_ece={supported=1, vendor_id=0x15b3, options=0x0, comp_mask=0x0}
pytorch-benchmark-opt-0:109:153 [2] NCCL INFO New proxy send connection 34 from local rank 0, transport 0
pytorch-benchmark-opt-0:107:163 [0] NCCL INFO Connected to proxy localRank 2 -> connection 0x7ff3b4005f30
pytorch-benchmark-opt-0:109:153 [2] NCCL INFO NET/IB: NCCL Dev 2 IbDev 2 Port 1 qpn 324 mtu 5 query_ece={supported=1, vendor_id=0x15b3, options=0x30000002, comp_mask=0x0} GID 3 (0/769000AFFFF0000) fifoRkey=0x41c00 fifoLkey=0x41c00
pytorch-benchmark-opt-0:107:156 [0] NCCL INFO New proxy send connection 33 from local rank 3, transport 0
pytorch-benchmark-opt-0:110:160 [3] NCCL INFO Connected to proxy localRank 0 -> connection 0x7f8368005eb8
pytorch-benchmark-opt-0:109:153 [2] NCCL INFO NET/IB: NCCL Dev 2 IbDev 2 Port 1 qpn 325 mtu 5 query_ece={supported=1, vendor_id=0x15b3, options=0x30000002, comp_mask=0x0} GID 3 (0/769000AFFFF0000) fifoRkey=0x41f00 fifoLkey=0x41f00
pytorch-benchmark-opt-0:110:155 [3] NCCL INFO New proxy send connection 29 from local rank 1, transport 0
pytorch-benchmark-opt-0:108:161 [1] NCCL INFO Connected to proxy localRank 3 -> connection 0x7f240c005cd8
pytorch-benchmark-opt-0:109:153 [2] NCCL INFO NET/IB: NCCL Dev 2 IbDev 2 Port 1 qpn 394 mtu 5 query_ece={supported=1, vendor_id=0x15b3, options=0x30000002, comp_mask=0x0} GID 3 (0/769000AFFFF0000) fifoRkey=0x40f00 fifoLkey=0x40f00
pytorch-benchmark-opt-0:110:155 [3] NCCL INFO New proxy send connection 30 from local rank 0, transport 0
pytorch-benchmark-opt-0:107:163 [0] NCCL INFO Connected to proxy localRank 3 -> connection 0x7f240c005d50
pytorch-benchmark-opt-0:109:153 [2] NCCL INFO NET/IB: NCCL Dev 2 IbDev 2 Port 1 qpn 395 mtu 5 query_ece={supported=1, vendor_id=0x15b3, options=0x30000002, comp_mask=0x0} GID 3 (0/769000AFFFF0000) fifoRkey=0x41000 fifoLkey=0x41000
pytorch-benchmark-opt-0:107:156 [0] NCCL INFO NET/IB: IbDev 0 Port 1 qpn 298 set_ece={supported=1, vendor_id=0x15b3, options=0x0, comp_mask=0x0}
pytorch-benchmark-opt-0:107:156 [0] NCCL INFO NET/IB: IbDev 0 Port 1 qpn 301 set_ece={supported=1, vendor_id=0x15b3, options=0x0, comp_mask=0x0}
pytorch-benchmark-opt-0:108:152 [1] NCCL INFO NET/IB: NCCL Dev 1 IbDev 1 Port 1 qpn 476 mtu 5 query_ece={supported=1, vendor_id=0x15b3, options=0x30000002, comp_mask=0x0} GID 3 (0/668000AFFFF0000) fifoRkey=0x42400 fifoLkey=0x42400
pytorch-benchmark-opt-0:108:152 [1] NCCL INFO NET/IB: NCCL Dev 1 IbDev 1 Port 1 qpn 477 mtu 5 query_ece={supported=1, vendor_id=0x15b3, options=0x30000002, comp_mask=0x0} GID 3 (0/668000AFFFF0000) fifoRkey=0x40f00 fifoLkey=0x40f00
pytorch-benchmark-opt-0:108:152 [1] NCCL INFO NET/IB: NCCL Dev 1 IbDev 1 Port 1 qpn 478 mtu 5 query_ece={supported=1, vendor_id=0x15b3, options=0x30000002, comp_mask=0x0} GID 3 (0/668000AFFFF0000) fifoRkey=0x41100 fifoLkey=0x41100
pytorch-benchmark-opt-0:108:152 [1] NCCL INFO NET/IB: NCCL Dev 1 IbDev 1 Port 1 qpn 479 mtu 5 query_ece={supported=1, vendor_id=0x15b3, options=0x30000002, comp_mask=0x0} GID 3 (0/668000AFFFF0000) fifoRkey=0x41400 fifoLkey=0x41400
pytorch-benchmark-opt-0:107:156 [0] NCCL INFO NET/IB: IbDev 0 Port 1 qpn 304 set_ece={supported=1, vendor_id=0x15b3, options=0x0, comp_mask=0x0}
pytorch-benchmark-opt-0:107:156 [0] NCCL INFO New proxy send connection 34 from local rank 2, transport 0
pytorch-benchmark-opt-0:109:162 [2] NCCL INFO Connected to proxy localRank 0 -> connection 0x7f8368005f30
pytorch-benchmark-opt-0:108:152 [1] NCCL INFO NET/IB: IbDev 1 Port 1 qpn 294 set_ece={supported=1, vendor_id=0x15b3, options=0x0, comp_mask=0x0}
pytorch-benchmark-opt-0:109:153 [2] NCCL INFO NET/IB: IbDev 2 Port 1 qpn 298 set_ece={supported=1, vendor_id=0x15b3, options=0x0, comp_mask=0x0}
pytorch-benchmark-opt-0:108:152 [1] NCCL INFO NET/IB: IbDev 1 Port 1 qpn 296 set_ece={supported=1, vendor_id=0x15b3, options=0x0, comp_mask=0x0}
pytorch-benchmark-opt-0:109:153 [2] NCCL INFO NET/IB: IbDev 2 Port 1 qpn 300 set_ece={supported=1, vendor_id=0x15b3, options=0x0, comp_mask=0x0}
pytorch-benchmark-opt-0:108:152 [1] NCCL INFO NET/IB: IbDev 1 Port 1 qpn 299 set_ece={supported=1, vendor_id=0x15b3, options=0x0, comp_mask=0x0}
pytorch-benchmark-opt-0:109:153 [2] NCCL INFO NET/IB: IbDev 2 Port 1 qpn 302 set_ece={supported=1, vendor_id=0x15b3, options=0x0, comp_mask=0x0}
pytorch-benchmark-opt-0:108:152 [1] NCCL INFO NET/IB: IbDev 1 Port 1 qpn 302 set_ece={supported=1, vendor_id=0x15b3, options=0x0, comp_mask=0x0}
pytorch-benchmark-opt-0:109:153 [2] NCCL INFO NET/IB: IbDev 2 Port 1 qpn 304 set_ece={supported=1, vendor_id=0x15b3, options=0x0, comp_mask=0x0}
pytorch-benchmark-opt-0:110:155 [3] NCCL INFO NET/IB: NCCL Dev 3 IbDev 3 Port 1 qpn 466 mtu 5 query_ece={supported=1, vendor_id=0x15b3, options=0x30000002, comp_mask=0x0} GID 3 (0/76A000AFFFF0000) fifoRkey=0x42800 fifoLkey=0x42800
pytorch-benchmark-opt-0:110:155 [3] NCCL INFO NET/IB: NCCL Dev 3 IbDev 3 Port 1 qpn 467 mtu 5 query_ece={supported=1, vendor_id=0x15b3, options=0x30000002, comp_mask=0x0} GID 3 (0/76A000AFFFF0000) fifoRkey=0x42900 fifoLkey=0x42900
pytorch-benchmark-opt-0:110:155 [3] NCCL INFO NET/IB: NCCL Dev 3 IbDev 3 Port 1 qpn 468 mtu 5 query_ece={supported=1, vendor_id=0x15b3, options=0x30000002, comp_mask=0x0} GID 3 (0/76A000AFFFF0000) fifoRkey=0x42a00 fifoLkey=0x42a00
pytorch-benchmark-opt-0:110:155 [3] NCCL INFO NET/IB: NCCL Dev 3 IbDev 3 Port 1 qpn 469 mtu 5 query_ece={supported=1, vendor_id=0x15b3, options=0x30000002, comp_mask=0x0} GID 3 (0/76A000AFFFF0000) fifoRkey=0x42b00 fifoLkey=0x42b00
pytorch-benchmark-opt-0:110:155 [3] NCCL INFO NET/IB: IbDev 3 Port 1 qpn 298 set_ece={supported=1, vendor_id=0x15b3, options=0x0, comp_mask=0x0}
pytorch-benchmark-opt-0:110:155 [3] NCCL INFO NET/IB: IbDev 3 Port 1 qpn 300 set_ece={supported=1, vendor_id=0x15b3, options=0x0, comp_mask=0x0}
pytorch-benchmark-opt-0:110:155 [3] NCCL INFO NET/IB: IbDev 3 Port 1 qpn 302 set_ece={supported=1, vendor_id=0x15b3, options=0x0, comp_mask=0x0}
pytorch-benchmark-opt-0:110:155 [3] NCCL INFO NET/IB: IbDev 3 Port 1 qpn 304 set_ece={supported=1, vendor_id=0x15b3, options=0x0, comp_mask=0x0}
pytorch-benchmark-opt-0:107:163 [0] NCCL INFO Connected all rings
pytorch-benchmark-opt-0:110:160 [3] NCCL INFO Connected all rings
pytorch-benchmark-opt-0:109:162 [2] NCCL INFO Connected all rings
pytorch-benchmark-opt-0:108:161 [1] NCCL INFO Connected all rings
    0.10      545.2          454.6         3854.5          0.35           0.42           0.05
    0.12      524.2          479.1         1301.7          0.44           0.48           0.18
    0.15      549.5          455.5         1828.9          0.52           0.63           0.16
    0.20      680.1          507.2         3298.0          0.56           0.76           0.12
    0.32      597.2          544.2         1005.8          1.03           1.13           0.61
    0.40      737.3          673.5         2522.9          1.04           1.14           0.30
    0.50      903.0          791.5         2410.5          1.06           1.21           0.40
    0.64      930.7          834.8         3506.8          1.32           1.47           0.35
    0.80      880.1          827.6         1930.3          1.74           1.85           0.79
    1.00      883.7          833.7         1380.5          2.17           2.30           1.39
    1.25      898.0          814.1         1048.3          2.67           2.94           2.29
    1.50      932.7          846.4         4534.2          3.08           3.40           0.63
    2.00      911.5          844.5         1997.8          4.21           4.54           1.92
    3.16      886.9          824.6         1276.3          6.83           7.34           4.75
    4.00      891.1          855.7         1443.0          8.60           8.96           5.31
    5.00      982.8          838.6         3006.1          9.75          11.43           3.19
    6.40      936.4          838.6         3112.8         13.10          14.63           3.94
    8.00      894.3          841.8          972.5         17.14          18.21          15.77
   10.00      899.3          857.7          934.6         21.31          22.35          20.51
   12.50      957.6          868.7         1117.7         25.02          27.58          21.43
   15.00      909.0          879.0          940.6         31.63          32.71          30.57
   20.00      913.3          886.7          934.7         41.97          43.23          41.01
   31.60      945.6          925.9          976.1         64.05          65.42          62.05
   40.00     1002.9          936.7         1818.2         76.44          81.84          42.17
   50.00      999.8          952.2         1420.1         95.85         100.64          67.49
   64.00     1017.8          990.1         1058.8        120.52         123.89         115.85
   80.00     1077.1         1051.4         1159.9        142.35         145.84         132.20
  100.00     1205.5         1162.4         1314.2        158.99         164.88         145.85
  125.00     1439.1         1415.5         1481.9        166.48         169.26         161.67
  160.00     1789.8         1754.6         1874.7        171.34         174.78         163.59
  200.00     2260.2         2127.1         3852.1        169.60         180.21          99.51
  250.00     2669.4         2594.4         3192.9        179.50         184.69         150.07
  316.00     3323.6         3223.2         3621.2        182.23         187.91         167.26
  400.00     4331.4         4065.2         7644.9        177.00         188.59         100.29
  500.00     5141.0         5033.7         5769.6        186.41         190.38         166.10
  640.00     6609.5         6430.3         7556.6        185.59         190.76         162.33
  800.00     8095.2         8033.7         8211.5        189.41         190.86         186.73
 1000.00    10536.6        10012.7        11521.4        181.91         191.42         166.36
 1250.00    12542.4        12410.3        12909.9        191.02         193.05         185.58
 1600.00    15987.5        15896.6        16072.9        191.82         192.91         190.80
 2000.00    20368.6        19915.2        21137.8        188.20         192.48         181.35
 2500.00    25152.8        24760.2        26356.4        190.50         193.52         181.80
 3160.00    31561.5        31291.3        31945.2        191.90         193.56         189.60
 4000.00    39926.5        39509.1        40873.8        192.02         194.05         187.57
 5000.00    49788.8        49635.7        49865.6        192.48         193.07         192.18
 6400.00    63166.4        63012.2        63251.7        194.20         194.67         193.93
 8000.00    78950.0        78696.8        79107.1        194.22         194.84         193.83
pytorch-benchmark-opt-0:109:168 [2] NCCL INFO socketProgressOpt: abort called
pytorch-benchmark-opt-0:109:168 [2] NCCL INFO misc/socket.cc:47 -> 3
pytorch-benchmark-opt-0:109:168 [2] NCCL INFO misc/socket.cc:58 -> 3
pytorch-benchmark-opt-0:109:168 [2] NCCL INFO misc/socket.cc:781 -> 3
pytorch-benchmark-opt-0:109:168 [2] NCCL INFO socketProgressOpt: abort called
pytorch-benchmark-opt-0:109:168 [2] NCCL INFO misc/socket.cc:47 -> 3
pytorch-benchmark-opt-0:109:168 [2] NCCL INFO misc/socket.cc:58 -> 3
pytorch-benchmark-opt-0:109:168 [2] NCCL INFO misc/socket.cc:781 -> 3
pytorch-benchmark-opt-0:109:168 [2] NCCL INFO socketProgressOpt: abort called
pytorch-benchmark-opt-0:109:168 [2] NCCL INFO misc/socket.cc:47 -> 3
pytorch-benchmark-opt-0:109:168 [2] NCCL INFO misc/socket.cc:58 -> 3
pytorch-benchmark-opt-0:109:168 [2] NCCL INFO misc/socket.cc:781 -> 3
pytorch-benchmark-opt-0:109:153 [2] NCCL INFO socketProgressOpt: abort called
pytorch-benchmark-opt-0:109:153 [2] NCCL INFO misc/socket.cc:832 -> 3
pytorch-benchmark-opt-0:109:168 [2] NCCL INFO socketProgressOpt: abort called
